[2026-05-23 15:21:44,185] INFO - monumental: === Iniciando scraper: monumental ===
[2026-05-23 15:21:44,185] INFO - monumental: URL base: https://www.monumental.co.cr/
[2026-05-23 15:21:45,616] INFO - monumental: Recolectando: Nacionales (https://www.monumental.co.cr/category/nacionales/)
[2026-05-23 15:21:54,140] DEBUG - monumental:   [Nacionales] Pág 1: 14 nuevos | total: 14
[2026-05-23 15:22:00,461] DEBUG - monumental:   [Nacionales] Pág 2: 17 nuevos | total: 31
[2026-05-23 15:22:06,893] DEBUG - monumental:   [Nacionales] Pág 3: 20 nuevos | total: 51
[2026-05-23 15:22:13,986] DEBUG - monumental:   [Nacionales] Pág 4: 11 nuevos | total: 62
[2026-05-23 15:22:20,288] DEBUG - monumental:   [Nacionales] Pág 5: 18 nuevos | total: 80
[2026-05-23 15:22:26,670] DEBUG - monumental:   [Nacionales] Pág 6: 17 nuevos | total: 97
[2026-05-23 15:22:33,633] DEBUG - monumental:   [Nacionales] Pág 7: 2 nuevos | total: 99
[2026-05-23 15:22:40,233] DEBUG - monumental:   [Nacionales] Pág 8: 0 nuevos | total: 99
[2026-05-23 15:22:47,076] DEBUG - monumental:   [Nacionales] Pág 9: 2 nuevos | total: 101
[2026-05-23 15:22:54,495] DEBUG - monumental:   [Nacionales] Pág 10: 18 nuevos | total: 119
[2026-05-23 15:23:02,784] DEBUG - monumental:   [Nacionales] Pág 11: 8 nuevos | total: 127
[2026-05-23 15:23:09,673] DEBUG - monumental:   [Nacionales] Pág 12: 11 nuevos | total: 138
[2026-05-23 15:23:16,593] DEBUG - monumental:   [Nacionales] Pág 13: 11 nuevos | total: 149
[2026-05-23 15:23:23,026] DEBUG - monumental:   [Nacionales] Pág 14: 15 nuevos | total: 164
[2026-05-23 15:23:29,355] DEBUG - monumental:   [Nacionales] Pág 15: 4 nuevos | total: 168
[2026-05-23 15:23:38,099] DEBUG - monumental:   [Nacionales] Pág 16: 16 nuevos | total: 184
[2026-05-23 15:23:46,535] DEBUG - monumental:   [Nacionales] Pág 17: 11 nuevos | total: 195
[2026-05-23 15:23:53,574] DEBUG - monumental:   [Nacionales] Pág 18: 10 nuevos | total: 205
[2026-05-23 15:24:00,268] DEBUG - monumental:   [Nacionales] Pág 19: 11 nuevos | total: 216
[2026-05-23 15:24:07,120] DEBUG - monumental:   [Nacionales] Pág 20: 1 nuevos | total: 217
[2026-05-23 15:24:14,057] DEBUG - monumental:   [Nacionales] Pág 21: 11 nuevos | total: 228
[2026-05-23 15:24:20,830] DEBUG - monumental:   [Nacionales] Pág 22: 11 nuevos | total: 239
[2026-05-23 15:24:27,699] DEBUG - monumental:   [Nacionales] Pág 23: 11 nuevos | total: 250
[2026-05-23 15:24:34,969] DEBUG - monumental:   [Nacionales] Pág 24: 11 nuevos | total: 261
[2026-05-23 15:24:41,806] DEBUG - monumental:   [Nacionales] Pág 25: 11 nuevos | total: 272
[2026-05-23 15:24:48,718] DEBUG - monumental:   [Nacionales] Pág 26: 11 nuevos | total: 283
[2026-05-23 15:24:55,447] DEBUG - monumental:   [Nacionales] Pág 27: 4 nuevos | total: 287
[2026-05-23 15:25:02,393] DEBUG - monumental:   [Nacionales] Pág 28: 7 nuevos | total: 294
[2026-05-23 15:25:09,234] DEBUG - monumental:   [Nacionales] Pág 29: 1 nuevos | total: 295
[2026-05-23 15:25:15,895] DEBUG - monumental:   [Nacionales] Pág 30: 0 nuevos | total: 295
[2026-05-23 15:25:22,494] DEBUG - monumental:   [Nacionales] Pág 31: 0 nuevos | total: 295
[2026-05-23 15:25:29,327] DEBUG - monumental:   [Nacionales] Pág 32: 4 nuevos | total: 299
[2026-05-23 15:25:36,209] DEBUG - monumental:   [Nacionales] Pág 33: 11 nuevos | total: 310
[2026-05-23 15:25:43,396] DEBUG - monumental:   [Nacionales] Pág 34: 11 nuevos | total: 321
[2026-05-23 15:25:50,189] DEBUG - monumental:   [Nacionales] Pág 35: 11 nuevos | total: 332
[2026-05-23 15:25:58,023] DEBUG - monumental:   [Nacionales] Pág 36: 11 nuevos | total: 343
[2026-05-23 15:26:04,269] DEBUG - monumental:   [Nacionales] Pág 37: 11 nuevos | total: 354
[2026-05-23 15:26:10,983] DEBUG - monumental:   [Nacionales] Pág 38: 3 nuevos | total: 357
[2026-05-23 15:26:17,900] DEBUG - monumental:   [Nacionales] Pág 39: 8 nuevos | total: 365
[2026-05-23 15:26:24,882] DEBUG - monumental:   [Nacionales] Pág 40: 11 nuevos | total: 376
[2026-05-23 15:26:31,737] DEBUG - monumental:   [Nacionales] Pág 41: 11 nuevos | total: 387
[2026-05-23 15:26:38,574] DEBUG - monumental:   [Nacionales] Pág 42: 11 nuevos | total: 398
[2026-05-23 15:26:45,428] DEBUG - monumental:   [Nacionales] Pág 43: 11 nuevos | total: 409
[2026-05-23 15:26:52,202] DEBUG - monumental:   [Nacionales] Pág 44: 11 nuevos | total: 420
[2026-05-23 15:26:59,065] DEBUG - monumental:   [Nacionales] Pág 45: 11 nuevos | total: 431
[2026-05-23 15:27:05,937] DEBUG - monumental:   [Nacionales] Pág 46: 11 nuevos | total: 442
[2026-05-23 15:27:12,816] DEBUG - monumental:   [Nacionales] Pág 47: 11 nuevos | total: 453
[2026-05-23 15:27:19,638] DEBUG - monumental:   [Nacionales] Pág 48: 11 nuevos | total: 464
[2026-05-23 15:27:26,492] DEBUG - monumental:   [Nacionales] Pág 49: 11 nuevos | total: 475
[2026-05-23 15:27:33,560] DEBUG - monumental:   [Nacionales] Pág 50: 11 nuevos | total: 486
[2026-05-23 15:27:40,425] DEBUG - monumental:   [Nacionales] Pág 51: 11 nuevos | total: 497
[2026-05-23 15:27:47,012] DEBUG - monumental:   [Nacionales] Pág 52: 3 nuevos | total: 500
[2026-05-23 15:27:53,747] DEBUG - monumental:   [Nacionales] Pág 53: 8 nuevos | total: 508
[2026-05-23 15:28:00,451] DEBUG - monumental:   [Nacionales] Pág 54: 11 nuevos | total: 519
[2026-05-23 15:28:07,331] DEBUG - monumental:   [Nacionales] Pág 55: 11 nuevos | total: 530
[2026-05-23 15:28:13,681] DEBUG - monumental:   [Nacionales] Pág 56: 18 nuevos | total: 548
[2026-05-23 15:28:20,051] DEBUG - monumental:   [Nacionales] Pág 57: 11 nuevos | total: 559
[2026-05-23 15:28:26,726] DEBUG - monumental:   [Nacionales] Pág 58: 3 nuevos | total: 562
[2026-05-23 15:28:33,774] DEBUG - monumental:   [Nacionales] Pág 59: 8 nuevos | total: 570
[2026-05-23 15:28:40,474] DEBUG - monumental:   [Nacionales] Pág 60: 0 nuevos | total: 570
[2026-05-23 15:28:47,308] DEBUG - monumental:   [Nacionales] Pág 61: 11 nuevos | total: 581
[2026-05-23 15:28:53,583] DEBUG - monumental:   [Nacionales] Pág 62: 11 nuevos | total: 592
[2026-05-23 15:29:00,261] DEBUG - monumental:   [Nacionales] Pág 63: 9 nuevos | total: 601
[2026-05-23 15:29:07,364] DEBUG - monumental:   [Nacionales] Pág 64: 11 nuevos | total: 612
[2026-05-23 15:29:14,157] DEBUG - monumental:   [Nacionales] Pág 65: 11 nuevos | total: 623
[2026-05-23 15:29:20,967] DEBUG - monumental:   [Nacionales] Pág 66: 11 nuevos | total: 634
[2026-05-23 15:29:27,225] DEBUG - monumental:   [Nacionales] Pág 67: 11 nuevos | total: 645
[2026-05-23 15:29:33,820] DEBUG - monumental:   [Nacionales] Pág 68: 3 nuevos | total: 648
[2026-05-23 15:29:40,435] DEBUG - monumental:   [Nacionales] Pág 69: 8 nuevos | total: 656
[2026-05-23 15:29:47,251] DEBUG - monumental:   [Nacionales] Pág 70: 11 nuevos | total: 667
[2026-05-23 15:29:54,013] DEBUG - monumental:   [Nacionales] Pág 71: 11 nuevos | total: 678
[2026-05-23 15:30:00,859] DEBUG - monumental:   [Nacionales] Pág 72: 11 nuevos | total: 689
[2026-05-23 15:30:07,658] DEBUG - monumental:   [Nacionales] Pág 73: 11 nuevos | total: 700
[2026-05-23 15:30:15,853] DEBUG - monumental:   [Nacionales] Pág 74: 11 nuevos | total: 711
[2026-05-23 15:30:22,590] DEBUG - monumental:   [Nacionales] Pág 75: 11 nuevos | total: 722
[2026-05-23 15:30:28,999] DEBUG - monumental:   [Nacionales] Pág 76: 11 nuevos | total: 733
[2026-05-23 15:30:35,641] DEBUG - monumental:   [Nacionales] Pág 77: 7 nuevos | total: 740
[2026-05-23 15:30:42,392] DEBUG - monumental:   [Nacionales] Pág 78: 11 nuevos | total: 751
[2026-05-23 15:30:49,199] DEBUG - monumental:   [Nacionales] Pág 79: 11 nuevos | total: 762
[2026-05-23 15:30:55,993] DEBUG - monumental:   [Nacionales] Pág 80: 11 nuevos | total: 773
[2026-05-23 15:31:02,645] DEBUG - monumental:   [Nacionales] Pág 81: 11 nuevos | total: 784
[2026-05-23 15:31:09,504] DEBUG - monumental:   [Nacionales] Pág 82: 11 nuevos | total: 795
[2026-05-23 15:31:16,507] DEBUG - monumental:   [Nacionales] Pág 83: 11 nuevos | total: 806
[2026-05-23 15:31:23,967] DEBUG - monumental:   [Nacionales] Pág 84: 11 nuevos | total: 817
[2026-05-23 15:31:30,698] DEBUG - monumental:   [Nacionales] Pág 85: 11 nuevos | total: 828
[2026-05-23 15:31:37,467] DEBUG - monumental:   [Nacionales] Pág 86: 11 nuevos | total: 839
[2026-05-23 15:31:44,339] DEBUG - monumental:   [Nacionales] Pág 87: 11 nuevos | total: 850
[2026-05-23 15:31:51,122] DEBUG - monumental:   [Nacionales] Pág 88: 11 nuevos | total: 861
[2026-05-23 15:31:57,800] DEBUG - monumental:   [Nacionales] Pág 89: 11 nuevos | total: 872
[2026-05-23 15:32:04,541] DEBUG - monumental:   [Nacionales] Pág 90: 11 nuevos | total: 883
[2026-05-23 15:32:11,234] DEBUG - monumental:   [Nacionales] Pág 91: 11 nuevos | total: 894
[2026-05-23 15:32:18,094] DEBUG - monumental:   [Nacionales] Pág 92: 11 nuevos | total: 905
[2026-05-23 15:32:24,967] DEBUG - monumental:   [Nacionales] Pág 93: 11 nuevos | total: 916
[2026-05-23 15:32:31,803] DEBUG - monumental:   [Nacionales] Pág 94: 11 nuevos | total: 927
[2026-05-23 15:32:38,543] DEBUG - monumental:   [Nacionales] Pág 95: 11 nuevos | total: 938
[2026-05-23 15:32:45,412] DEBUG - monumental:   [Nacionales] Pág 96: 11 nuevos | total: 949
[2026-05-23 15:32:52,389] DEBUG - monumental:   [Nacionales] Pág 97: 11 nuevos | total: 960
[2026-05-23 15:32:58,730] DEBUG - monumental:   [Nacionales] Pág 98: 11 nuevos | total: 971
[2026-05-23 15:33:05,705] DEBUG - monumental:   [Nacionales] Pág 99: 9 nuevos | total: 980
[2026-05-23 15:33:12,442] DEBUG - monumental:   [Nacionales] Pág 100: 11 nuevos | total: 991
[2026-05-23 15:33:19,183] DEBUG - monumental:   [Nacionales] Pág 101: 11 nuevos | total: 1002
[2026-05-23 15:33:25,989] DEBUG - monumental:   [Nacionales] Pág 102: 11 nuevos | total: 1013
[2026-05-23 15:33:33,005] DEBUG - monumental:   [Nacionales] Pág 103: 11 nuevos | total: 1024
[2026-05-23 15:33:41,141] DEBUG - monumental:   [Nacionales] Pág 104: 11 nuevos | total: 1035
[2026-05-23 15:33:47,396] DEBUG - monumental:   [Nacionales] Pág 105: 11 nuevos | total: 1046
[2026-05-23 15:33:54,049] DEBUG - monumental:   [Nacionales] Pág 106: 10 nuevos | total: 1056
[2026-05-23 15:34:01,023] DEBUG - monumental:   [Nacionales] Pág 107: 11 nuevos | total: 1067
[2026-05-23 15:34:07,441] DEBUG - monumental:   [Nacionales] Pág 108: 15 nuevos | total: 1082
[2026-05-23 15:34:14,438] DEBUG - monumental:   [Nacionales] Pág 109: 11 nuevos | total: 1093
[2026-05-23 15:34:20,861] DEBUG - monumental:   [Nacionales] Pág 110: 11 nuevos | total: 1104
[2026-05-23 15:34:27,531] DEBUG - monumental:   [Nacionales] Pág 111: 2 nuevos | total: 1106
[2026-05-23 15:34:33,788] DEBUG - monumental:   [Nacionales] Pág 112: 5 nuevos | total: 1111
[2026-05-23 15:34:40,524] DEBUG - monumental:   [Nacionales] Pág 113: 3 nuevos | total: 1114
[2026-05-23 15:34:46,642] DEBUG - monumental:   [Nacionales] Pág 114: 5 nuevos | total: 1119
[2026-05-23 15:34:53,335] DEBUG - monumental:   [Nacionales] Pág 115: 9 nuevos | total: 1128
[2026-05-23 15:35:00,178] DEBUG - monumental:   [Nacionales] Pág 116: 11 nuevos | total: 1139
[2026-05-23 15:35:06,935] DEBUG - monumental:   [Nacionales] Pág 117: 11 nuevos | total: 1150
[2026-05-23 15:35:13,653] DEBUG - monumental:   [Nacionales] Pág 118: 11 nuevos | total: 1161
[2026-05-23 15:35:20,534] DEBUG - monumental:   [Nacionales] Pág 119: 11 nuevos | total: 1172
[2026-05-23 15:35:27,777] DEBUG - monumental:   [Nacionales] Pág 120: 11 nuevos | total: 1183
[2026-05-23 15:35:34,827] DEBUG - monumental:   [Nacionales] Pág 121: 11 nuevos | total: 1194
[2026-05-23 15:35:42,694] DEBUG - monumental:   [Nacionales] Pág 122: 11 nuevos | total: 1205
[2026-05-23 15:35:49,447] DEBUG - monumental:   [Nacionales] Pág 123: 11 nuevos | total: 1216
[2026-05-23 15:35:56,798] DEBUG - monumental:   [Nacionales] Pág 124: 10 nuevos | total: 1226
[2026-05-23 15:36:03,712] DEBUG - monumental:   [Nacionales] Pág 125: 11 nuevos | total: 1237
[2026-05-23 15:36:10,676] DEBUG - monumental:   [Nacionales] Pág 126: 11 nuevos | total: 1248
[2026-05-23 15:36:17,849] DEBUG - monumental:   [Nacionales] Pág 127: 11 nuevos | total: 1259
[2026-05-23 15:36:24,648] DEBUG - monumental:   [Nacionales] Pág 128: 11 nuevos | total: 1270
[2026-05-23 15:36:31,555] DEBUG - monumental:   [Nacionales] Pág 129: 11 nuevos | total: 1281
[2026-05-23 15:36:38,411] DEBUG - monumental:   [Nacionales] Pág 130: 11 nuevos | total: 1292
[2026-05-23 15:36:46,681] DEBUG - monumental:   [Nacionales] Pág 131: 11 nuevos | total: 1303
[2026-05-23 15:36:54,262] DEBUG - monumental:   [Nacionales] Pág 132: 11 nuevos | total: 1314
[2026-05-23 15:37:01,925] DEBUG - monumental:   [Nacionales] Pág 133: 11 nuevos | total: 1325
[2026-05-23 15:37:10,367] DEBUG - monumental:   [Nacionales] Pág 134: 11 nuevos | total: 1336
[2026-05-23 15:37:17,264] DEBUG - monumental:   [Nacionales] Pág 135: 11 nuevos | total: 1347
[2026-05-23 15:37:24,165] DEBUG - monumental:   [Nacionales] Pág 136: 5 nuevos | total: 1352
[2026-05-23 15:37:31,042] DEBUG - monumental:   [Nacionales] Pág 137: 11 nuevos | total: 1363
[2026-05-23 15:37:38,029] DEBUG - monumental:   [Nacionales] Pág 138: 11 nuevos | total: 1374
[2026-05-23 15:37:44,929] DEBUG - monumental:   [Nacionales] Pág 139: 11 nuevos | total: 1385
[2026-05-23 15:37:51,835] DEBUG - monumental:   [Nacionales] Pág 140: 11 nuevos | total: 1396
[2026-05-23 15:37:58,270] DEBUG - monumental:   [Nacionales] Pág 141: 11 nuevos | total: 1407
[2026-05-23 15:38:05,325] DEBUG - monumental:   [Nacionales] Pág 142: 10 nuevos | total: 1417
[2026-05-23 15:38:12,194] DEBUG - monumental:   [Nacionales] Pág 143: 11 nuevos | total: 1428
[2026-05-23 15:38:18,957] DEBUG - monumental:   [Nacionales] Pág 144: 3 nuevos | total: 1431
[2026-05-23 15:38:26,418] DEBUG - monumental:   [Nacionales] Pág 145: 8 nuevos | total: 1439
[2026-05-23 15:38:33,644] DEBUG - monumental:   [Nacionales] Pág 146: 11 nuevos | total: 1450
[2026-05-23 15:38:40,832] DEBUG - monumental:   [Nacionales] Pág 147: 11 nuevos | total: 1461
[2026-05-23 15:38:47,153] DEBUG - monumental:   [Nacionales] Pág 148: 11 nuevos | total: 1472
[2026-05-23 15:38:54,103] DEBUG - monumental:   [Nacionales] Pág 149: 11 nuevos | total: 1483
[2026-05-23 15:39:01,779] DEBUG - monumental:   [Nacionales] Pág 150: 11 nuevos | total: 1494
[2026-05-23 15:39:08,571] DEBUG - monumental:   [Nacionales] Pág 151: 11 nuevos | total: 1505
[2026-05-23 15:39:15,890] DEBUG - monumental:   [Nacionales] Pág 152: 11 nuevos | total: 1516
[2026-05-23 15:39:22,857] DEBUG - monumental:   [Nacionales] Pág 153: 11 nuevos | total: 1527
[2026-05-23 15:39:30,066] DEBUG - monumental:   [Nacionales] Pág 154: 11 nuevos | total: 1538
[2026-05-23 15:39:37,504] DEBUG - monumental:   [Nacionales] Pág 155: 11 nuevos | total: 1549
[2026-05-23 15:39:44,345] DEBUG - monumental:   [Nacionales] Pág 156: 10 nuevos | total: 1559
[2026-05-23 15:39:50,998] DEBUG - monumental:   [Nacionales] Pág 157: 1 nuevos | total: 1560
[2026-05-23 15:39:58,049] DEBUG - monumental:   [Nacionales] Pág 158: 11 nuevos | total: 1571
[2026-05-23 15:40:04,771] DEBUG - monumental:   [Nacionales] Pág 159: 11 nuevos | total: 1582
[2026-05-23 15:40:11,935] DEBUG - monumental:   [Nacionales] Pág 160: 11 nuevos | total: 1593
[2026-05-23 15:40:18,831] DEBUG - monumental:   [Nacionales] Pág 161: 11 nuevos | total: 1604
[2026-05-23 15:40:26,532] DEBUG - monumental:   [Nacionales] Pág 162: 11 nuevos | total: 1615
[2026-05-23 15:40:33,473] DEBUG - monumental:   [Nacionales] Pág 163: 11 nuevos | total: 1626
[2026-05-23 15:40:40,413] DEBUG - monumental:   [Nacionales] Pág 164: 11 nuevos | total: 1637
[2026-05-23 15:40:47,885] DEBUG - monumental:   [Nacionales] Pág 165: 11 nuevos | total: 1648
[2026-05-23 15:40:55,234] DEBUG - monumental:   [Nacionales] Pág 166: 11 nuevos | total: 1659
[2026-05-23 15:41:02,396] DEBUG - monumental:   [Nacionales] Pág 167: 11 nuevos | total: 1670
[2026-05-23 15:41:09,894] DEBUG - monumental:   [Nacionales] Pág 168: 11 nuevos | total: 1681
[2026-05-23 15:41:16,912] DEBUG - monumental:   [Nacionales] Pág 169: 11 nuevos | total: 1692
[2026-05-23 15:41:23,779] DEBUG - monumental:   [Nacionales] Pág 170: 11 nuevos | total: 1703
[2026-05-23 15:41:30,070] DEBUG - monumental:   [Nacionales] Pág 171: 11 nuevos | total: 1714
[2026-05-23 15:41:37,628] DEBUG - monumental:   [Nacionales] Pág 172: 11 nuevos | total: 1725
[2026-05-23 15:41:44,541] DEBUG - monumental:   [Nacionales] Pág 173: 11 nuevos | total: 1736
[2026-05-23 15:41:51,537] DEBUG - monumental:   [Nacionales] Pág 174: 11 nuevos | total: 1747
[2026-05-23 15:41:59,469] DEBUG - monumental:   [Nacionales] Pág 175: 8 nuevos | total: 1755
[2026-05-23 15:42:06,528] DEBUG - monumental:   [Nacionales] Pág 176: 3 nuevos | total: 1758
[2026-05-23 15:42:13,404] DEBUG - monumental:   [Nacionales] Pág 177: 11 nuevos | total: 1769
[2026-05-23 15:42:19,728] DEBUG - monumental:   [Nacionales] Pág 178: 11 nuevos | total: 1780
[2026-05-23 15:42:26,421] DEBUG - monumental:   [Nacionales] Pág 179: 10 nuevos | total: 1790
[2026-05-23 15:42:33,187] DEBUG - monumental:   [Nacionales] Pág 180: 11 nuevos | total: 1801
[2026-05-23 15:42:39,997] DEBUG - monumental:   [Nacionales] Pág 181: 11 nuevos | total: 1812
[2026-05-23 15:42:46,941] DEBUG - monumental:   [Nacionales] Pág 182: 11 nuevos | total: 1823
[2026-05-23 15:42:53,724] DEBUG - monumental:   [Nacionales] Pág 183: 11 nuevos | total: 1834
[2026-05-23 15:43:00,536] DEBUG - monumental:   [Nacionales] Pág 184: 11 nuevos | total: 1845
[2026-05-23 15:43:07,417] DEBUG - monumental:   [Nacionales] Pág 185: 11 nuevos | total: 1856
[2026-05-23 15:43:14,277] DEBUG - monumental:   [Nacionales] Pág 186: 11 nuevos | total: 1867
[2026-05-23 15:43:21,021] DEBUG - monumental:   [Nacionales] Pág 187: 11 nuevos | total: 1878
[2026-05-23 15:43:27,714] DEBUG - monumental:   [Nacionales] Pág 188: 11 nuevos | total: 1889
[2026-05-23 15:43:34,587] DEBUG - monumental:   [Nacionales] Pág 189: 11 nuevos | total: 1900
[2026-05-23 15:43:41,377] DEBUG - monumental:   [Nacionales] Pág 190: 11 nuevos | total: 1911
[2026-05-23 15:43:48,318] DEBUG - monumental:   [Nacionales] Pág 191: 11 nuevos | total: 1922
[2026-05-23 15:43:55,179] DEBUG - monumental:   [Nacionales] Pág 192: 11 nuevos | total: 1933
[2026-05-23 15:44:02,067] DEBUG - monumental:   [Nacionales] Pág 193: 11 nuevos | total: 1944
[2026-05-23 15:44:08,896] DEBUG - monumental:   [Nacionales] Pág 194: 11 nuevos | total: 1955
[2026-05-23 15:44:15,864] DEBUG - monumental:   [Nacionales] Pág 195: 11 nuevos | total: 1966
[2026-05-23 15:44:22,721] DEBUG - monumental:   [Nacionales] Pág 196: 11 nuevos | total: 1977
[2026-05-23 15:44:29,636] DEBUG - monumental:   [Nacionales] Pág 197: 11 nuevos | total: 1988
[2026-05-23 15:44:36,306] DEBUG - monumental:   [Nacionales] Pág 198: 11 nuevos | total: 1999
[2026-05-23 15:44:43,337] DEBUG - monumental:   [Nacionales] Pág 199: 11 nuevos | total: 2010
[2026-05-23 15:44:50,186] DEBUG - monumental:   [Nacionales] Pág 200: 11 nuevos | total: 2021
[2026-05-23 15:44:57,047] DEBUG - monumental:   [Nacionales] Pág 201: 11 nuevos | total: 2032
[2026-05-23 15:45:03,410] DEBUG - monumental:   [Nacionales] Pág 202: 11 nuevos | total: 2043
[2026-05-23 15:45:10,634] DEBUG - monumental:   [Nacionales] Pág 203: 11 nuevos | total: 2054
[2026-05-23 15:45:17,409] DEBUG - monumental:   [Nacionales] Pág 204: 11 nuevos | total: 2065
[2026-05-23 15:45:23,913] DEBUG - monumental:   [Nacionales] Pág 205: 11 nuevos | total: 2076
[2026-05-23 15:45:30,518] DEBUG - monumental:   [Nacionales] Pág 206: 5 nuevos | total: 2081
[2026-05-23 15:45:37,336] DEBUG - monumental:   [Nacionales] Pág 207: 11 nuevos | total: 2092
[2026-05-23 15:45:44,211] DEBUG - monumental:   [Nacionales] Pág 208: 11 nuevos | total: 2103
[2026-05-23 15:45:51,174] DEBUG - monumental:   [Nacionales] Pág 209: 11 nuevos | total: 2114
[2026-05-23 15:45:58,056] DEBUG - monumental:   [Nacionales] Pág 210: 10 nuevos | total: 2124
[2026-05-23 15:46:04,705] DEBUG - monumental:   [Nacionales] Pág 211: 1 nuevos | total: 2125
[2026-05-23 15:46:11,599] DEBUG - monumental:   [Nacionales] Pág 212: 11 nuevos | total: 2136
[2026-05-23 15:46:17,971] DEBUG - monumental:   [Nacionales] Pág 213: 11 nuevos | total: 2147
[2026-05-23 15:46:24,684] DEBUG - monumental:   [Nacionales] Pág 214: 9 nuevos | total: 2156
[2026-05-23 15:46:31,728] DEBUG - monumental:   [Nacionales] Pág 215: 11 nuevos | total: 2167
[2026-05-23 15:46:38,082] DEBUG - monumental:   [Nacionales] Pág 216: 11 nuevos | total: 2178
[2026-05-23 15:46:44,895] DEBUG - monumental:   [Nacionales] Pág 217: 1 nuevos | total: 2179
[2026-05-23 15:46:51,771] DEBUG - monumental:   [Nacionales] Pág 218: 11 nuevos | total: 2190
[2026-05-23 15:46:58,840] DEBUG - monumental:   [Nacionales] Pág 219: 11 nuevos | total: 2201
[2026-05-23 15:47:05,335] DEBUG - monumental:   [Nacionales] Pág 220: 11 nuevos | total: 2212
[2026-05-23 15:47:12,136] DEBUG - monumental:   [Nacionales] Pág 221: 1 nuevos | total: 2213
[2026-05-23 15:47:19,258] DEBUG - monumental:   [Nacionales] Pág 222: 10 nuevos | total: 2223
[2026-05-23 15:47:26,669] DEBUG - monumental:   [Nacionales] Pág 223: 11 nuevos | total: 2234
[2026-05-23 15:47:33,742] DEBUG - monumental:   [Nacionales] Pág 224: 11 nuevos | total: 2245
[2026-05-23 15:47:40,178] DEBUG - monumental:   [Nacionales] Pág 225: 11 nuevos | total: 2256
[2026-05-23 15:47:46,857] DEBUG - monumental:   [Nacionales] Pág 226: 3 nuevos | total: 2259
[2026-05-23 15:47:53,932] DEBUG - monumental:   [Nacionales] Pág 227: 8 nuevos | total: 2267
[2026-05-23 15:48:00,756] DEBUG - monumental:   [Nacionales] Pág 228: 11 nuevos | total: 2278
[2026-05-23 15:48:07,683] DEBUG - monumental:   [Nacionales] Pág 229: 11 nuevos | total: 2289
[2026-05-23 15:48:14,773] DEBUG - monumental:   [Nacionales] Pág 230: 11 nuevos | total: 2300
[2026-05-23 15:48:21,855] DEBUG - monumental:   [Nacionales] Pág 231: 11 nuevos | total: 2311
[2026-05-23 15:48:28,766] DEBUG - monumental:   [Nacionales] Pág 232: 11 nuevos | total: 2322
[2026-05-23 15:48:35,559] DEBUG - monumental:   [Nacionales] Pág 233: 11 nuevos | total: 2333
[2026-05-23 15:48:42,289] DEBUG - monumental:   [Nacionales] Pág 234: 11 nuevos | total: 2344
[2026-05-23 15:48:49,083] DEBUG - monumental:   [Nacionales] Pág 235: 11 nuevos | total: 2355
[2026-05-23 15:48:55,308] DEBUG - monumental:   [Nacionales] Pág 236: 11 nuevos | total: 2366
[2026-05-23 15:49:02,114] DEBUG - monumental:   [Nacionales] Pág 237: 10 nuevos | total: 2376
[2026-05-23 15:49:09,068] DEBUG - monumental:   [Nacionales] Pág 238: 11 nuevos | total: 2387
[2026-05-23 15:49:15,901] DEBUG - monumental:   [Nacionales] Pág 239: 11 nuevos | total: 2398
[2026-05-23 15:49:22,785] DEBUG - monumental:   [Nacionales] Pág 240: 11 nuevos | total: 2409
[2026-05-23 15:49:29,949] DEBUG - monumental:   [Nacionales] Pág 241: 11 nuevos | total: 2420
[2026-05-23 15:49:36,784] DEBUG - monumental:   [Nacionales] Pág 242: 11 nuevos | total: 2431
[2026-05-23 15:49:43,674] DEBUG - monumental:   [Nacionales] Pág 243: 11 nuevos | total: 2442
[2026-05-23 15:49:50,456] DEBUG - monumental:   [Nacionales] Pág 244: 11 nuevos | total: 2453
[2026-05-23 15:49:57,256] DEBUG - monumental:   [Nacionales] Pág 245: 11 nuevos | total: 2464
[2026-05-23 15:50:03,992] DEBUG - monumental:   [Nacionales] Pág 246: 11 nuevos | total: 2475
[2026-05-23 15:50:10,943] DEBUG - monumental:   [Nacionales] Pág 247: 11 nuevos | total: 2486
[2026-05-23 15:50:17,757] DEBUG - monumental:   [Nacionales] Pág 248: 11 nuevos | total: 2497
[2026-05-23 15:50:24,561] DEBUG - monumental:   [Nacionales] Pág 249: 11 nuevos | total: 2508
[2026-05-23 15:50:31,376] DEBUG - monumental:   [Nacionales] Pág 250: 11 nuevos | total: 2519
[2026-05-23 15:50:38,163] DEBUG - monumental:   [Nacionales] Pág 251: 11 nuevos | total: 2530
[2026-05-23 15:50:45,011] DEBUG - monumental:   [Nacionales] Pág 252: 11 nuevos | total: 2541
[2026-05-23 15:50:52,023] DEBUG - monumental:   [Nacionales] Pág 253: 11 nuevos | total: 2552
[2026-05-23 15:50:58,930] DEBUG - monumental:   [Nacionales] Pág 254: 11 nuevos | total: 2563
[2026-05-23 15:51:05,827] DEBUG - monumental:   [Nacionales] Pág 255: 11 nuevos | total: 2574
[2026-05-23 15:51:12,844] DEBUG - monumental:   [Nacionales] Pág 256: 11 nuevos | total: 2585
[2026-05-23 15:51:19,813] DEBUG - monumental:   [Nacionales] Pág 257: 11 nuevos | total: 2596
[2026-05-23 15:51:26,657] DEBUG - monumental:   [Nacionales] Pág 258: 11 nuevos | total: 2607
[2026-05-23 15:51:33,462] DEBUG - monumental:   [Nacionales] Pág 259: 11 nuevos | total: 2618
[2026-05-23 15:51:40,210] DEBUG - monumental:   [Nacionales] Pág 260: 11 nuevos | total: 2629
[2026-05-23 15:51:47,020] DEBUG - monumental:   [Nacionales] Pág 261: 11 nuevos | total: 2640
[2026-05-23 15:51:53,855] DEBUG - monumental:   [Nacionales] Pág 262: 11 nuevos | total: 2651
[2026-05-23 15:52:00,713] DEBUG - monumental:   [Nacionales] Pág 263: 11 nuevos | total: 2662
[2026-05-23 15:52:07,580] DEBUG - monumental:   [Nacionales] Pág 264: 11 nuevos | total: 2673
[2026-05-23 15:52:14,444] DEBUG - monumental:   [Nacionales] Pág 265: 11 nuevos | total: 2684
[2026-05-23 15:52:22,001] DEBUG - monumental:   [Nacionales] Pág 266: 11 nuevos | total: 2695
[2026-05-23 15:52:28,891] DEBUG - monumental:   [Nacionales] Pág 267: 11 nuevos | total: 2706
[2026-05-23 15:52:35,850] DEBUG - monumental:   [Nacionales] Pág 268: 11 nuevos | total: 2717
[2026-05-23 15:52:42,598] DEBUG - monumental:   [Nacionales] Pág 269: 11 nuevos | total: 2728
[2026-05-23 15:52:49,341] DEBUG - monumental:   [Nacionales] Pág 270: 11 nuevos | total: 2739
[2026-05-23 15:52:56,092] DEBUG - monumental:   [Nacionales] Pág 271: 11 nuevos | total: 2750
[2026-05-23 15:53:02,947] DEBUG - monumental:   [Nacionales] Pág 272: 11 nuevos | total: 2761
[2026-05-23 15:53:12,388] DEBUG - monumental:   [Nacionales] Pág 273: 11 nuevos | total: 2772
[2026-05-23 15:53:20,548] DEBUG - monumental:   [Nacionales] Pág 274: 11 nuevos | total: 2783
[2026-05-23 15:53:27,978] DEBUG - monumental:   [Nacionales] Pág 275: 11 nuevos | total: 2794
[2026-05-23 15:53:34,798] DEBUG - monumental:   [Nacionales] Pág 276: 11 nuevos | total: 2805
[2026-05-23 15:53:42,105] DEBUG - monumental:   [Nacionales] Pág 277: 11 nuevos | total: 2816
[2026-05-23 15:53:49,057] DEBUG - monumental:   [Nacionales] Pág 278: 11 nuevos | total: 2827
[2026-05-23 15:53:56,001] DEBUG - monumental:   [Nacionales] Pág 279: 11 nuevos | total: 2838
[2026-05-23 15:54:03,343] DEBUG - monumental:   [Nacionales] Pág 280: 11 nuevos | total: 2849
[2026-05-23 15:54:10,426] DEBUG - monumental:   [Nacionales] Pág 281: 11 nuevos | total: 2860
[2026-05-23 15:54:17,244] DEBUG - monumental:   [Nacionales] Pág 282: 11 nuevos | total: 2871
[2026-05-23 15:54:24,442] DEBUG - monumental:   [Nacionales] Pág 283: 11 nuevos | total: 2882
[2026-05-23 15:54:31,402] DEBUG - monumental:   [Nacionales] Pág 284: 11 nuevos | total: 2893
[2026-05-23 15:54:38,342] DEBUG - monumental:   [Nacionales] Pág 285: 11 nuevos | total: 2904
[2026-05-23 15:54:45,139] DEBUG - monumental:   [Nacionales] Pág 286: 11 nuevos | total: 2915
[2026-05-23 15:54:51,909] DEBUG - monumental:   [Nacionales] Pág 287: 11 nuevos | total: 2926
[2026-05-23 15:54:59,223] DEBUG - monumental:   [Nacionales] Pág 288: 11 nuevos | total: 2937
[2026-05-23 15:55:06,116] DEBUG - monumental:   [Nacionales] Pág 289: 11 nuevos | total: 2948
[2026-05-23 15:55:12,970] DEBUG - monumental:   [Nacionales] Pág 290: 11 nuevos | total: 2959
[2026-05-23 15:55:19,261] DEBUG - monumental:   [Nacionales] Pág 291: 11 nuevos | total: 2970
[2026-05-23 15:55:25,430] DEBUG - monumental:   [Nacionales] Pág 292: 11 nuevos | total: 2981
[2026-05-23 15:55:32,199] DEBUG - monumental:   [Nacionales] Pág 293: 11 nuevos | total: 2992
[2026-05-23 15:55:39,031] DEBUG - monumental:   [Nacionales] Pág 294: 11 nuevos | total: 3003
[2026-05-23 15:55:45,929] DEBUG - monumental:   [Nacionales] Pág 295: 11 nuevos | total: 3014
[2026-05-23 15:55:52,830] DEBUG - monumental:   [Nacionales] Pág 296: 10 nuevos | total: 3024
[2026-05-23 15:55:59,415] DEBUG - monumental:   [Nacionales] Pág 297: 1 nuevos | total: 3025
[2026-05-23 15:56:06,215] DEBUG - monumental:   [Nacionales] Pág 298: 11 nuevos | total: 3036
[2026-05-23 15:56:13,066] DEBUG - monumental:   [Nacionales] Pág 299: 11 nuevos | total: 3047
[2026-05-23 15:56:20,036] DEBUG - monumental:   [Nacionales] Pág 300: 11 nuevos | total: 3058
[2026-05-23 15:56:27,088] DEBUG - monumental:   [Nacionales] Pág 301: 11 nuevos | total: 3069
[2026-05-23 15:56:34,087] DEBUG - monumental:   [Nacionales] Pág 302: 11 nuevos | total: 3080
[2026-05-23 15:56:41,017] DEBUG - monumental:   [Nacionales] Pág 303: 11 nuevos | total: 3091
[2026-05-23 15:56:48,599] DEBUG - monumental:   [Nacionales] Pág 304: 11 nuevos | total: 3102
[2026-05-23 15:56:55,507] DEBUG - monumental:   [Nacionales] Pág 305: 11 nuevos | total: 3113
[2026-05-23 15:57:02,537] DEBUG - monumental:   [Nacionales] Pág 306: 11 nuevos | total: 3124
[2026-05-23 15:57:09,367] DEBUG - monumental:   [Nacionales] Pág 307: 11 nuevos | total: 3135
[2026-05-23 15:57:16,355] DEBUG - monumental:   [Nacionales] Pág 308: 11 nuevos | total: 3146
[2026-05-23 15:57:23,215] DEBUG - monumental:   [Nacionales] Pág 309: 11 nuevos | total: 3157
[2026-05-23 15:57:30,097] DEBUG - monumental:   [Nacionales] Pág 310: 11 nuevos | total: 3168
[2026-05-23 15:57:36,830] DEBUG - monumental:   [Nacionales] Pág 311: 11 nuevos | total: 3179
[2026-05-23 15:57:43,064] DEBUG - monumental:   [Nacionales] Pág 312: 11 nuevos | total: 3190
[2026-05-23 15:57:50,080] DEBUG - monumental:   [Nacionales] Pág 313: 11 nuevos | total: 3201
[2026-05-23 15:57:56,859] DEBUG - monumental:   [Nacionales] Pág 314: 11 nuevos | total: 3212
[2026-05-23 15:58:03,678] DEBUG - monumental:   [Nacionales] Pág 315: 11 nuevos | total: 3223
[2026-05-23 15:58:11,038] DEBUG - monumental:   [Nacionales] Pág 316: 11 nuevos | total: 3234
[2026-05-23 15:58:17,846] DEBUG - monumental:   [Nacionales] Pág 317: 5 nuevos | total: 3239
[2026-05-23 15:58:24,526] DEBUG - monumental:   [Nacionales] Pág 318: 6 nuevos | total: 3245
[2026-05-23 15:58:31,263] DEBUG - monumental:   [Nacionales] Pág 319: 11 nuevos | total: 3256
[2026-05-23 15:58:38,047] DEBUG - monumental:   [Nacionales] Pág 320: 11 nuevos | total: 3267
[2026-05-23 15:58:44,940] DEBUG - monumental:   [Nacionales] Pág 321: 11 nuevos | total: 3278
[2026-05-23 15:58:51,751] DEBUG - monumental:   [Nacionales] Pág 322: 11 nuevos | total: 3289
[2026-05-23 15:58:58,506] DEBUG - monumental:   [Nacionales] Pág 323: 11 nuevos | total: 3300
[2026-05-23 15:59:05,418] DEBUG - monumental:   [Nacionales] Pág 324: 11 nuevos | total: 3311
[2026-05-23 15:59:12,193] DEBUG - monumental:   [Nacionales] Pág 325: 11 nuevos | total: 3322
[2026-05-23 15:59:19,159] DEBUG - monumental:   [Nacionales] Pág 326: 11 nuevos | total: 3333
[2026-05-23 15:59:26,196] DEBUG - monumental:   [Nacionales] Pág 327: 11 nuevos | total: 3344
[2026-05-23 15:59:33,263] DEBUG - monumental:   [Nacionales] Pág 328: 11 nuevos | total: 3355
[2026-05-23 15:59:40,014] DEBUG - monumental:   [Nacionales] Pág 329: 11 nuevos | total: 3366
[2026-05-23 15:59:46,825] DEBUG - monumental:   [Nacionales] Pág 330: 11 nuevos | total: 3377
[2026-05-23 15:59:53,676] DEBUG - monumental:   [Nacionales] Pág 331: 11 nuevos | total: 3388
[2026-05-23 16:00:00,431] DEBUG - monumental:   [Nacionales] Pág 332: 11 nuevos | total: 3399
[2026-05-23 16:00:07,352] DEBUG - monumental:   [Nacionales] Pág 333: 11 nuevos | total: 3410
[2026-05-23 16:00:14,101] DEBUG - monumental:   [Nacionales] Pág 334: 11 nuevos | total: 3421
[2026-05-23 16:00:20,767] DEBUG - monumental:   [Nacionales] Pág 335: 11 nuevos | total: 3432
[2026-05-23 16:00:27,733] DEBUG - monumental:   [Nacionales] Pág 336: 11 nuevos | total: 3443
[2026-05-23 16:00:34,560] DEBUG - monumental:   [Nacionales] Pág 337: 11 nuevos | total: 3454
[2026-05-23 16:00:41,359] DEBUG - monumental:   [Nacionales] Pág 338: 11 nuevos | total: 3465
[2026-05-23 16:00:48,259] DEBUG - monumental:   [Nacionales] Pág 339: 11 nuevos | total: 3476
[2026-05-23 16:00:54,945] DEBUG - monumental:   [Nacionales] Pág 340: 11 nuevos | total: 3487
[2026-05-23 16:01:01,660] DEBUG - monumental:   [Nacionales] Pág 341: 11 nuevos | total: 3498
[2026-05-23 16:01:08,410] DEBUG - monumental:   [Nacionales] Pág 342: 11 nuevos | total: 3509
[2026-05-23 16:01:15,223] DEBUG - monumental:   [Nacionales] Pág 343: 11 nuevos | total: 3520
[2026-05-23 16:01:22,016] DEBUG - monumental:   [Nacionales] Pág 344: 11 nuevos | total: 3531
[2026-05-23 16:01:28,647] DEBUG - monumental:   [Nacionales] Pág 345: 11 nuevos | total: 3542
[2026-05-23 16:01:35,428] DEBUG - monumental:   [Nacionales] Pág 346: 11 nuevos | total: 3553
[2026-05-23 16:01:42,269] DEBUG - monumental:   [Nacionales] Pág 347: 11 nuevos | total: 3564
[2026-05-23 16:01:49,166] DEBUG - monumental:   [Nacionales] Pág 348: 11 nuevos | total: 3575
[2026-05-23 16:01:55,493] DEBUG - monumental:   [Nacionales] Pág 349: 11 nuevos | total: 3586
[2026-05-23 16:02:02,168] DEBUG - monumental:   [Nacionales] Pág 350: 5 nuevos | total: 3591
[2026-05-23 16:02:08,928] DEBUG - monumental:   [Nacionales] Pág 351: 11 nuevos | total: 3602
[2026-05-23 16:02:15,698] DEBUG - monumental:   [Nacionales] Pág 352: 11 nuevos | total: 3613
[2026-05-23 16:02:22,597] DEBUG - monumental:   [Nacionales] Pág 353: 11 nuevos | total: 3624
[2026-05-23 16:02:29,362] DEBUG - monumental:   [Nacionales] Pág 354: 11 nuevos | total: 3635
[2026-05-23 16:02:36,144] DEBUG - monumental:   [Nacionales] Pág 355: 11 nuevos | total: 3646
[2026-05-23 16:02:43,011] DEBUG - monumental:   [Nacionales] Pág 356: 11 nuevos | total: 3657
[2026-05-23 16:02:49,854] DEBUG - monumental:   [Nacionales] Pág 357: 11 nuevos | total: 3668
[2026-05-23 16:02:56,848] DEBUG - monumental:   [Nacionales] Pág 358: 11 nuevos | total: 3679
[2026-05-23 16:03:03,713] DEBUG - monumental:   [Nacionales] Pág 359: 11 nuevos | total: 3690
[2026-05-23 16:03:10,549] DEBUG - monumental:   [Nacionales] Pág 360: 11 nuevos | total: 3701
[2026-05-23 16:03:17,364] DEBUG - monumental:   [Nacionales] Pág 361: 11 nuevos | total: 3712
[2026-05-23 16:03:24,190] DEBUG - monumental:   [Nacionales] Pág 362: 11 nuevos | total: 3723
[2026-05-23 16:03:30,417] DEBUG - monumental:   [Nacionales] Pág 363: 11 nuevos | total: 3734
[2026-05-23 16:03:37,070] DEBUG - monumental:   [Nacionales] Pág 364: 9 nuevos | total: 3743
[2026-05-23 16:03:43,867] DEBUG - monumental:   [Nacionales] Pág 365: 11 nuevos | total: 3754
[2026-05-23 16:03:50,691] DEBUG - monumental:   [Nacionales] Pág 366: 11 nuevos | total: 3765
[2026-05-23 16:03:57,499] DEBUG - monumental:   [Nacionales] Pág 367: 11 nuevos | total: 3776
[2026-05-23 16:04:04,381] DEBUG - monumental:   [Nacionales] Pág 368: 11 nuevos | total: 3787
[2026-05-23 16:04:11,527] DEBUG - monumental:   [Nacionales] Pág 369: 11 nuevos | total: 3798
[2026-05-23 17:14:28,898] INFO - monumental: === Iniciando scraper: monumental ===
[2026-05-23 17:14:28,899] INFO - monumental: URL base: https://www.monumental.co.cr/
[2026-05-23 17:14:30,854] INFO - monumental: Recolectando: Nacionales (https://www.monumental.co.cr/category/nacionales/)
[2026-05-23 17:14:39,382] DEBUG - monumental:   [Nacionales] Pág 1: 14 nuevos | total: 14
[2026-05-23 17:14:47,543] DEBUG - monumental:   [Nacionales] Pág 2: 17 nuevos | total: 31
[2026-05-23 17:14:54,463] DEBUG - monumental:   [Nacionales] Pág 3: 20 nuevos | total: 51
[2026-05-23 17:15:00,994] DEBUG - monumental:   [Nacionales] Pág 4: 11 nuevos | total: 62
[2026-05-23 17:15:07,350] DEBUG - monumental:   [Nacionales] Pág 5: 18 nuevos | total: 80
[2026-05-23 17:15:13,671] DEBUG - monumental:   [Nacionales] Pág 6: 17 nuevos | total: 97
[2026-05-23 17:15:19,720] DEBUG - monumental:   [Nacionales] Pág 7: 2 nuevos | total: 99
[2026-05-23 17:15:26,186] DEBUG - monumental:   [Nacionales] Pág 8: 0 nuevos | total: 99
[2026-05-23 17:15:32,524] DEBUG - monumental:   [Nacionales] Pág 9: 2 nuevos | total: 101
[2026-05-23 17:15:39,130] DEBUG - monumental:   [Nacionales] Pág 10: 18 nuevos | total: 119
[2026-05-23 17:15:45,633] DEBUG - monumental:   [Nacionales] Pág 11: 8 nuevos | total: 127
[2026-05-23 17:15:52,569] DEBUG - monumental:   [Nacionales] Pág 12: 11 nuevos | total: 138
[2026-05-23 17:15:59,692] DEBUG - monumental:   [Nacionales] Pág 13: 11 nuevos | total: 149
[2026-05-23 17:16:06,274] DEBUG - monumental:   [Nacionales] Pág 14: 15 nuevos | total: 164
[2026-05-23 17:16:12,384] DEBUG - monumental:   [Nacionales] Pág 15: 4 nuevos | total: 168
[2026-05-23 17:16:18,690] DEBUG - monumental:   [Nacionales] Pág 16: 16 nuevos | total: 184
[2026-05-23 17:16:25,032] DEBUG - monumental:   [Nacionales] Pág 17: 11 nuevos | total: 195
[2026-05-23 17:16:31,427] DEBUG - monumental:   [Nacionales] Pág 18: 10 nuevos | total: 205
[2026-05-23 17:16:37,757] DEBUG - monumental:   [Nacionales] Pág 19: 11 nuevos | total: 216
[2026-05-23 17:16:43,784] DEBUG - monumental:   [Nacionales] Pág 20: 1 nuevos | total: 217
[2026-05-23 17:16:50,138] DEBUG - monumental:   [Nacionales] Pág 21: 11 nuevos | total: 228
[2026-05-23 17:16:56,340] DEBUG - monumental:   [Nacionales] Pág 22: 11 nuevos | total: 239
[2026-05-23 17:17:02,619] DEBUG - monumental:   [Nacionales] Pág 23: 11 nuevos | total: 250
[2026-05-23 17:17:08,939] DEBUG - monumental:   [Nacionales] Pág 24: 11 nuevos | total: 261
[2026-05-23 17:17:15,254] DEBUG - monumental:   [Nacionales] Pág 25: 11 nuevos | total: 272
[2026-05-23 17:17:21,518] DEBUG - monumental:   [Nacionales] Pág 26: 11 nuevos | total: 283
[2026-05-23 17:17:27,655] DEBUG - monumental:   [Nacionales] Pág 27: 4 nuevos | total: 287
[2026-05-23 17:17:33,782] DEBUG - monumental:   [Nacionales] Pág 28: 7 nuevos | total: 294
[2026-05-23 17:17:39,720] DEBUG - monumental:   [Nacionales] Pág 29: 1 nuevos | total: 295
[2026-05-23 17:17:45,770] DEBUG - monumental:   [Nacionales] Pág 30: 0 nuevos | total: 295
[2026-05-23 17:17:51,852] DEBUG - monumental:   [Nacionales] Pág 31: 0 nuevos | total: 295
[2026-05-23 17:17:58,024] DEBUG - monumental:   [Nacionales] Pág 32: 4 nuevos | total: 299
[2026-05-23 17:18:04,350] DEBUG - monumental:   [Nacionales] Pág 33: 11 nuevos | total: 310
[2026-05-23 17:18:10,585] DEBUG - monumental:   [Nacionales] Pág 34: 11 nuevos | total: 321
[2026-05-23 17:18:16,772] DEBUG - monumental:   [Nacionales] Pág 35: 11 nuevos | total: 332
[2026-05-23 17:18:23,047] DEBUG - monumental:   [Nacionales] Pág 36: 11 nuevos | total: 343
[2026-05-23 17:18:29,270] DEBUG - monumental:   [Nacionales] Pág 37: 11 nuevos | total: 354
[2026-05-23 17:18:35,258] DEBUG - monumental:   [Nacionales] Pág 38: 3 nuevos | total: 357
[2026-05-23 17:18:41,445] DEBUG - monumental:   [Nacionales] Pág 39: 8 nuevos | total: 365
[2026-05-23 17:18:47,762] DEBUG - monumental:   [Nacionales] Pág 40: 11 nuevos | total: 376
[2026-05-23 17:18:53,988] DEBUG - monumental:   [Nacionales] Pág 41: 11 nuevos | total: 387
[2026-05-23 17:19:00,300] DEBUG - monumental:   [Nacionales] Pág 42: 11 nuevos | total: 398
[2026-05-23 17:19:07,486] DEBUG - monumental:   [Nacionales] Pág 43: 11 nuevos | total: 409
[2026-05-23 17:19:14,038] DEBUG - monumental:   [Nacionales] Pág 44: 11 nuevos | total: 420
[2026-05-23 17:19:20,156] DEBUG - monumental:   [Nacionales] Pág 45: 11 nuevos | total: 431
[2026-05-23 17:19:26,409] DEBUG - monumental:   [Nacionales] Pág 46: 11 nuevos | total: 442
[2026-05-23 17:19:32,690] DEBUG - monumental:   [Nacionales] Pág 47: 11 nuevos | total: 453
[2026-05-23 17:19:38,991] DEBUG - monumental:   [Nacionales] Pág 48: 11 nuevos | total: 464
[2026-05-23 17:19:45,186] DEBUG - monumental:   [Nacionales] Pág 49: 11 nuevos | total: 475
[2026-05-23 17:19:51,424] DEBUG - monumental:   [Nacionales] Pág 50: 11 nuevos | total: 486
[2026-05-23 17:19:57,849] DEBUG - monumental:   [Nacionales] Pág 51: 11 nuevos | total: 497
[2026-05-23 17:20:03,952] DEBUG - monumental:   [Nacionales] Pág 52: 3 nuevos | total: 500
[2026-05-23 17:20:10,138] DEBUG - monumental:   [Nacionales] Pág 53: 8 nuevos | total: 508
[2026-05-23 17:20:16,333] DEBUG - monumental:   [Nacionales] Pág 54: 11 nuevos | total: 519
[2026-05-23 17:20:22,471] DEBUG - monumental:   [Nacionales] Pág 55: 11 nuevos | total: 530
[2026-05-23 17:20:28,796] DEBUG - monumental:   [Nacionales] Pág 56: 18 nuevos | total: 548
[2026-05-23 17:20:35,125] DEBUG - monumental:   [Nacionales] Pág 57: 11 nuevos | total: 559
[2026-05-23 17:20:41,252] DEBUG - monumental:   [Nacionales] Pág 58: 3 nuevos | total: 562
[2026-05-23 17:20:47,531] DEBUG - monumental:   [Nacionales] Pág 59: 8 nuevos | total: 570
[2026-05-23 17:20:53,483] DEBUG - monumental:   [Nacionales] Pág 60: 0 nuevos | total: 570
[2026-05-23 17:20:59,711] DEBUG - monumental:   [Nacionales] Pág 61: 11 nuevos | total: 581
[2026-05-23 17:21:06,079] DEBUG - monumental:   [Nacionales] Pág 62: 11 nuevos | total: 592
[2026-05-23 17:21:12,404] DEBUG - monumental:   [Nacionales] Pág 63: 9 nuevos | total: 601
